mvn.cmd : WARNING: A restricted method in java.lang.System has been called
At line:1 char:139
+ ... 8-hotspot"; & 'C:\Users\henry\.m2\wrapper\dists\apache-maven-3.9.6-bi ...
+                 ~~~~~~~~~~~~~~~~~~~~~~~~~~~~~~~~~~~~~~~~~~~~~~~~~~~~~~~~~
    + CategoryInfo          : NotSpecified: (WARNING: A rest...has been called:String) [], RemoteException
    + FullyQualifiedErrorId : NativeCommandError
 
WARNING: java.lang.System::load has been called by org.fusesource.jansi.internal.JansiLoader in an unnamed module 
(file:/C:/Users/henry/.m2/wrapper/dists/apache-maven-3.9.6-bin/3311e1d4/apache-maven-3.9.6/lib/jansi-2.4.0.jar)
WARNING: Use --enable-native-access=ALL-UNNAMED to avoid a warning for callers in this module
WARNING: Restricted methods will be blocked in a future release unless native access is enabled

WARNING: A terminally deprecated method in sun.misc.Unsafe has been called
WARNING: sun.misc.Unsafe::objectFieldOffset has been called by com.google.common.util.concurrent.AbstractFuture$UnsafeAtomicHelper 
(file:/C:/Users/henry/.m2/wrapper/dists/apache-maven-3.9.6-bin/3311e1d4/apache-maven-3.9.6/lib/guava-32.0.1-jre.jar)
WARNING: Please consider reporting this to the maintainers of class com.google.common.util.concurrent.AbstractFuture$UnsafeAtomicHelper
WARNING: sun.misc.Unsafe::objectFieldOffset will be removed in a future release
[INFO] Scanning for projects...
[INFO] 
[INFO] ----------------------< com.miracle:ArcaneSigils >----------------------
[INFO] Building ArcaneSigils 1.0.492
[INFO]   from pom.xml
[INFO] --------------------------------[ jar ]---------------------------------
[INFO] 
[INFO] --- clean:3.2.0:clean (default-clean) @ ArcaneSigils ---
[INFO] Deleting C:\Users\henry\Projects\Arcane Sigils\target
[INFO] 
[INFO] --- resources:3.3.1:resources (default-resources) @ ArcaneSigils ---
[INFO] Copying 19 resources from src\main\resources to target\classes
[INFO] 
[INFO] --- compiler:3.13.0:compile (default-compile) @ ArcaneSigils ---
[INFO] Recompiling the module because of changed source code.
[INFO] Compiling 233 source files with javac [debug target 21] to target\classes
[INFO] /C:/Users/henry/Projects/Arcane Sigils/src/main/java/com/miracle/arcanesigils/effects/SkinChangeManager.java: Some input files use or override a deprecated API.
[INFO] /C:/Users/henry/Projects/Arcane Sigils/src/main/java/com/miracle/arcanesigils/effects/SkinChangeManager.java: Recompile with -Xlint:deprecation for details.
[INFO] -------------------------------------------------------------
[WARNING] COMPILATION WARNING : 
[INFO] -------------------------------------------------------------
[WARNING] location of system modules is not set in conjunction with -source 21
  not setting the location of system modules may lead to class files that cannot run on JDK 21
    --release 21 is recommended instead of -source 21 -target 21 because it sets the location of system modules automatically
[WARNING] /C:/Users/henry/Projects/Arcane Sigils/src/main/java/com/miracle/arcanesigils/effects/CooldownNotifier.java:[105,32] [removal] valueOf(@org.jetbrains.annotations.NotNull java.lang.String) in org.bukkit.Sound has been deprecated and marked for removal
            Sound sound = Sound.valueOf(soundName.toUpperCase());
                               ^
[WARNING] /C:/Users/henry/Projects/Arcane Sigils/src/main/java/com/miracle/arcanesigils/particles/ShapeEngine.java:[432,62] valueOf(@org.jetbrains.annotations.NotNull java.lang.String) in org.bukkit.Sound has been deprecated and marked for removal
[WARNING] /C:/Users/henry/Projects/Arcane Sigils/src/main/java/com/miracle/arcanesigils/particles/LayerDefinition.java:[281,58] valueOf(@org.jetbrains.annotations.NotNull java.lang.String) in org.bukkit.Sound has been deprecated and marked for removal
[WARNING] /C:/Users/henry/Projects/Arcane Sigils/src/main/java/com/miracle/arcanesigils/events/ConditionManager.java:[298,38] valueOf(@org.jetbrains.annotations.NotNull java.lang.String) in org.bukkit.block.Biome has been deprecated and marked for removal
[WARNING] /C:/Users/henry/Projects/Arcane Sigils/src/main/java/com/miracle/arcanesigils/effects/impl/ModifyAttributeEffect.java:[125,47] name() in org.bukkit.util.OldEnum has been deprecated and marked for removal
[WARNING] /C:/Users/henry/Projects/Arcane Sigils/src/main/java/com/miracle/arcanesigils/effects/impl/ModifyAttributeEffect.java:[279,29] valueOf(@org.jetbrains.annotations.NotNull java.lang.String) in org.bukkit.attribute.Attribute has been deprecated and marked for removal
[WARNING] /C:/Users/henry/Projects/Arcane Sigils/src/main/java/com/miracle/arcanesigils/effects/impl/ModifyAttributeEffect.java:[285,33] valueOf(@org.jetbrains.annotations.NotNull java.lang.String) in org.bukkit.attribute.Attribute has been deprecated and marked for removal
[WARNING] /C:/Users/henry/Projects/Arcane Sigils/src/main/java/com/miracle/arcanesigils/effects/impl/ModifyAttributeEffect.java:[327,22] name() in org.bukkit.util.OldEnum has been deprecated and marked for removal
[WARNING] /C:/Users/henry/Projects/Arcane Sigils/src/main/java/com/miracle/arcanesigils/effects/impl/ModifyAttributeEffect.java:[329,29] name() in org.bukkit.util.OldEnum has been deprecated and marked for removal
[WARNING] /C:/Users/henry/Projects/Arcane Sigils/src/main/java/com/miracle/arcanesigils/effects/impl/ModifyAttributeEffect.java:[329,70] name() in org.bukkit.util.OldEnum has been deprecated and marked for removal
[WARNING] /C:/Users/henry/Projects/Arcane Sigils/src/main/java/com/miracle/arcanesigils/effects/impl/ModifyAttributeEffect.java:[331,29] name() in org.bukkit.util.OldEnum has been deprecated and marked for removal
[WARNING] /C:/Users/henry/Projects/Arcane Sigils/src/main/java/com/miracle/arcanesigils/effects/impl/ModifyAttributeEffect.java:[331,68] name() in org.bukkit.util.OldEnum has been deprecated and marked for removal
[WARNING] /C:/Users/henry/Projects/Arcane Sigils/src/main/java/com/miracle/arcanesigils/effects/impl/ModifyAttributeEffect.java:[333,29] name() in org.bukkit.util.OldEnum has been deprecated and marked for removal
[WARNING] /C:/Users/henry/Projects/Arcane Sigils/src/main/java/com/miracle/arcanesigils/effects/impl/SoundEffect.java:[85,25] valueOf(@org.jetbrains.annotations.NotNull java.lang.String) in org.bukkit.Sound has been deprecated and marked for removal
[WARNING] /C:/Users/henry/Projects/Arcane Sigils/src/main/java/com/miracle/arcanesigils/effects/impl/SpawnEntityEffect.java:[798,36] valueOf(@org.jetbrains.annotations.NotNull java.lang.String) in org.bukkit.Sound has been deprecated and marked for removal
[WARNING] /C:/Users/henry/Projects/Arcane Sigils/src/main/java/com/miracle/arcanesigils/gui/condition/ConditionValueBrowserHandler.java:[296,42] name() in org.bukkit.util.OldEnum has been deprecated and marked for removal
[WARNING] /C:/Users/henry/Projects/Arcane Sigils/src/main/java/com/miracle/arcanesigils/gui/effect/SoundSelectorHandler.java:[169,32] valueOf(@org.jetbrains.annotations.NotNull java.lang.String) in org.bukkit.Sound has been deprecated and marked for removal
[INFO] 18 warnings 
[INFO] -------------------------------------------------------------
[INFO] -------------------------------------------------------------
[ERROR] COMPILATION ERROR : 
[INFO] -------------------------------------------------------------
[ERROR] /C:/Users/henry/Projects/Arcane Sigils/src/main/java/com/miracle/arcanesigils/addons/loot/gui/ChestBrowserHandler.java:[103,16] cannot find symbol
  symbol:   method open(org.bukkit.entity.Player)
  location: variable handler of type com.miracle.arcanesigils.addons.loot.gui.ChestBrowserHandler
[ERROR] /C:/Users/henry/Projects/Arcane Sigils/src/main/java/com/miracle/arcanesigils/addons/loot/gui/ZoneBrowserHandler.java:[124,16] cannot find symbol
  symbol:   method open(org.bukkit.entity.Player)
  location: variable handler of type com.miracle.arcanesigils.addons.loot.gui.ZoneBrowserHandler
[INFO] 2 errors 
[INFO] -------------------------------------------------------------
[INFO] ------------------------------------------------------------------------
[INFO] BUILD FAILURE
[INFO] ------------------------------------------------------------------------
[INFO] Total time:  3.356 s
[INFO] Finished at: 2026-01-04T14:13:39-08:00
[INFO] ------------------------------------------------------------------------
[ERROR] Failed to execute goal org.apache.maven.plugins:maven-compiler-plugin:3.13.0:compile (default-compile) on project ArcaneSigils: Compilation failure: Compilation failure: 
[ERROR] /C:/Users/henry/Projects/Arcane Sigils/src/main/java/com/miracle/arcanesigils/addons/loot/gui/ChestBrowserHandler.java:[103,16] cannot find symbol
[ERROR]   symbol:   method open(org.bukkit.entity.Player)
[ERROR]   location: variable handler of type com.miracle.arcanesigils.addons.loot.gui.ChestBrowserHandler
[ERROR] /C:/Users/henry/Projects/Arcane Sigils/src/main/java/com/miracle/arcanesigils/addons/loot/gui/ZoneBrowserHandler.java:[124,16] cannot find symbol
[ERROR]   symbol:   method open(org.bukkit.entity.Player)
[ERROR]   location: variable handler of type com.miracle.arcanesigils.addons.loot.gui.ZoneBrowserHandler
[ERROR] -> [Help 1]
[ERROR] 
[ERROR] To see the full stack trace of the errors, re-run Maven with the -e switch.
[ERROR] Re-run Maven using the -X switch to enable full debug logging.
[ERROR] 
[ERROR] For more information about the errors and possible solutions, please read the following articles:
[ERROR] [Help 1] http://cwiki.apache.org/confluence/display/MAVEN/MojoFailureException
